gcc/10(19):ERROR:150: Module 'gcc/10' conflicts with the currently loaded module(s) 'gcc/9'
gcc/10(19):ERROR:102: Tcl command execution failed: conflict gcc

+-----------------------------------------------------------------------------
| Automatic search for symmetry elements
| Symmetry elements:
| S={{1,0,0}, {0,1,0}, {0,0,1}}
| S={{-1,0,0}, {0,-1,0}, {0,0,-1}}
| S={{0,1,0}, {1,0,0}, {0,0,1}}
| S={{0,-1,0}, {-1,0,0}, {0,0,1}}
| S={{-1,0,0}, {0,1,0}, {0,0,1}}
| S={{0,0,1}, {0,1,0}, {1,0,0}}
| S={{1,0,0}, {0,1,0}, {0,0,-1}}
| S={{1,0,0}, {0,0,1}, {0,1,0}}
| S={{1,0,0}, {0,-1,0}, {0,0,1}}
| S={{1,0,0}, {0,0,-1}, {0,-1,0}}
| S={{0,0,-1}, {0,1,0}, {-1,0,0}}
| S={{0,0,1}, {0,-1,0}, {1,0,0}}
| S={{0,-1,0}, {-1,0,0}, {0,0,-1}}
| S={{-1,0,0}, {0,0,1}, {0,1,0}}
| S={{0,1,0}, {1,0,0}, {0,0,-1}}
| S={{1,0,0}, {0,-1,0}, {0,0,-1}}
| S={{-1,0,0}, {0,1,0}, {0,0,-1}}
| S={{-1,0,0}, {0,-1,0}, {0,0,1}}
| S={{0,0,-1}, {0,-1,0}, {-1,0,0}}
| S={{-1,0,0}, {0,0,-1}, {0,-1,0}}
| S={{0,-1,0}, {0,0,1}, {-1,0,0}}
| S={{0,0,1}, {-1,0,0}, {0,-1,0}}
| S={{0,-1,0}, {0,0,-1}, {1,0,0}}
| S={{0,0,-1}, {1,0,0}, {0,-1,0}}
| S={{0,1,0}, {0,0,1}, {1,0,0}}
| S={{0,0,-1}, {-1,0,0}, {0,1,0}}
| S={{0,1,0}, {0,0,-1}, {-1,0,0}}
| S={{0,0,1}, {1,0,0}, {0,1,0}}
| S={{1,0,0}, {0,0,-1}, {0,1,0}}
| S={{0,0,1}, {0,1,0}, {-1,0,0}}
| S={{1,0,0}, {0,0,1}, {0,-1,0}}
| S={{0,0,-1}, {0,1,0}, {1,0,0}}
| S={{0,1,0}, {-1,0,0}, {0,0,1}}
| S={{0,-1,0}, {1,0,0}, {0,0,1}}
| S={{0,-1,0}, {1,0,0}, {0,0,-1}}
| S={{0,0,1}, {0,-1,0}, {-1,0,0}}
| S={{-1,0,0}, {0,0,1}, {0,-1,0}}
| S={{0,0,-1}, {0,-1,0}, {1,0,0}}
| S={{0,1,0}, {-1,0,0}, {0,0,-1}}
| S={{-1,0,0}, {0,0,-1}, {0,1,0}}
| S={{0,0,1}, {1,0,0}, {0,-1,0}}
| S={{0,-1,0}, {0,0,1}, {1,0,0}}
| S={{0,0,1}, {-1,0,0}, {0,1,0}}
| S={{0,0,-1}, {1,0,0}, {0,1,0}}
| S={{0,-1,0}, {0,0,-1}, {-1,0,0}}
| S={{0,1,0}, {0,0,1}, {-1,0,0}}
| S={{0,1,0}, {0,0,-1}, {1,0,0}}
| S={{0,0,-1}, {-1,0,0}, {0,-1,0}}
+-----------------------------------------------------------------------------
| Time reversal symmetry used for reducing the k-point set ...
Warning: MPI init has not been called!
+-----------------------------------------------------------------------------
| automatically creating MPI levels
|   available MPI tasks within current level (top): 1
|   level waves-k requests 4 items
| final decision
|   waves-k with 1 siblings (100%)
| created waves-k/auto.waves-k at top (1 siblings, 1 members each)
+-----------------------------------------------------------------------------
+-----------------------------------------------------------------------------
| Automatic search for symmetry elements
| Symmetry elements:
| S={{1,0,0}, {0,1,0}, {0,0,1}}
| S={{-1,0,0}, {0,-1,0}, {0,0,-1}}
| S={{0,1,0}, {1,0,0}, {0,0,1}}
| S={{0,-1,0}, {-1,0,0}, {0,0,1}}
| S={{-1,0,0}, {0,1,0}, {0,0,1}}
| S={{0,0,1}, {0,1,0}, {1,0,0}}
| S={{1,0,0}, {0,1,0}, {0,0,-1}}
| S={{1,0,0}, {0,0,1}, {0,1,0}}
| S={{1,0,0}, {0,-1,0}, {0,0,1}}
| S={{1,0,0}, {0,0,-1}, {0,-1,0}}
| S={{0,0,-1}, {0,1,0}, {-1,0,0}}
| S={{0,0,1}, {0,-1,0}, {1,0,0}}
| S={{0,-1,0}, {-1,0,0}, {0,0,-1}}
| S={{-1,0,0}, {0,0,1}, {0,1,0}}
| S={{0,1,0}, {1,0,0}, {0,0,-1}}
| S={{1,0,0}, {0,-1,0}, {0,0,-1}}
| S={{-1,0,0}, {0,1,0}, {0,0,-1}}
| S={{-1,0,0}, {0,-1,0}, {0,0,1}}
| S={{0,0,-1}, {0,-1,0}, {-1,0,0}}
| S={{-1,0,0}, {0,0,-1}, {0,-1,0}}
| S={{0,-1,0}, {0,0,1}, {-1,0,0}}
| S={{0,0,1}, {-1,0,0}, {0,-1,0}}
| S={{0,-1,0}, {0,0,-1}, {1,0,0}}
| S={{0,0,-1}, {1,0,0}, {0,-1,0}}
| S={{0,1,0}, {0,0,1}, {1,0,0}}
| S={{0,0,-1}, {-1,0,0}, {0,1,0}}
| S={{0,1,0}, {0,0,-1}, {-1,0,0}}
| S={{0,0,1}, {1,0,0}, {0,1,0}}
| S={{1,0,0}, {0,0,-1}, {0,1,0}}
| S={{0,0,1}, {0,1,0}, {-1,0,0}}
| S={{1,0,0}, {0,0,1}, {0,-1,0}}
| S={{0,0,-1}, {0,1,0}, {1,0,0}}
| S={{0,1,0}, {-1,0,0}, {0,0,1}}
| S={{0,-1,0}, {1,0,0}, {0,0,1}}
| S={{0,-1,0}, {1,0,0}, {0,0,-1}}
| S={{0,0,1}, {0,-1,0}, {-1,0,0}}
| S={{-1,0,0}, {0,0,1}, {0,-1,0}}
| S={{0,0,-1}, {0,-1,0}, {1,0,0}}
| S={{0,1,0}, {-1,0,0}, {0,0,-1}}
| S={{-1,0,0}, {0,0,-1}, {0,1,0}}
| S={{0,0,1}, {1,0,0}, {0,-1,0}}
| S={{0,-1,0}, {0,0,1}, {1,0,0}}
| S={{0,0,1}, {-1,0,0}, {0,1,0}}
| S={{0,0,-1}, {1,0,0}, {0,1,0}}
| S={{0,-1,0}, {0,0,-1}, {-1,0,0}}
| S={{0,1,0}, {0,0,1}, {-1,0,0}}
| S={{0,1,0}, {0,0,-1}, {1,0,0}}
| S={{0,0,-1}, {-1,0,0}, {0,-1,0}}
+-----------------------------------------------------------------------------
| Time reversal symmetry used for reducing the k-point set ...
Warning: MPI init has not been called!
+-----------------------------------------------------------------------------
| automatically creating MPI levels
|   available MPI tasks within current level (top): 1
|   level waves-k requests 4 items
| final decision
|   waves-k with 1 siblings (100%)
| created waves-k/auto.waves-k at top (1 siblings, 1 members each)
+-----------------------------------------------------------------------------
